// Jest Snapshot v1, https://goo.gl/fbAQLP

exports[`Button Should instanciate with default values 1`] = `
Button {
  "$$": Object {
    "after_update": Array [],
    "before_update": Array [],
    "bound": Object {},
    "callbacks": Object {},
    "context": Map {},
    "ctx": Array [
      "medium",
      "inner text",
      "storybook-button--secondary",
      [Function],
      false,
    ],
    "dirty": Array [
      -1,
    ],
    "fragment": Object {
      "c": [Function],
      "d": [Function],
      "i": [Function],
      "l": [Function],
      "m": [Function],
      "o": [Function],
      "p": [Function],
    },
    "not_equal": [Function],
    "on_destroy": Array [
      [Function],
    ],
    "on_disconnect": Array [],
    "on_mount": Array [],
    "props": Object {
      "label": 1,
      "primary": 4,
      "size": 0,
    },
    "skip_bound": false,
    "update": [Function],
  },
  "$$set": [Function],
  "$capture_state": [Function],
  "$inject_state": [Function],
}
`;
